---
source: src/rules/multiple_dependency_versions.rs
expression: issue.message()
---
  ./packages
      package-a                 1.2.3   ↓ lowest
      package-b                 3.1.6   ∼ between
  ./                            5.6.3   ↑ highest
