---
source: src/rules/unordered_dependencies.rs
expression: issue.message()
---
  │ {
  -   "optionalDependencies": {   ← keys aren't sorted.
  -     ...
  -   }
  │ }
