---
source: src/rules/empty_dependencies.rs
expression: issue.message()
---
  │ {
  -   "dependencies": {}   ← field is empty.
  │ }
