---
source: src/rules/multiple_dependency_versions.rs
expression: issue.message()
---
  
      package-a       ^1.2.3   â†‘ highest
