---
source: src/rules/unordered_dependencies.rs
expression: issue.message()
---
  │ {
  │   "dependencies": {
  ~     ...   ← keys aren't sorted.
  │   }
  │ }
