---
source: src/rules/multiple_dependency_versions.rs
expression: issue.message()
---
  ./packages
      package-c                 5.0.0-next.6   ↑ highest
  ./apps
      package-a                 5.0.0-next.4   ∼ between
      package-b                 5.0.0-next.3   ↓ lowest
